seed=42 protect=false toxinFraction=0.4

=== EVOLUTION RUN ===
   tick   pop  food  carr maxGen avgGen  conns  hidd  spec  herb  carn  scav   div
      1   400  7440     0      1    1.0   32.0   0.0     1   400     0     0  0.81
     41   397 10857     3      1    1.0   32.0   0.0     1   397     0     0  0.81
     81   432 14266    12      2    1.1   32.0   0.0     1   432     0     0  0.81
    121   447 15984    26      3    1.2   32.0   0.0     1   447     0     0  0.81
    161   461 15995    34      4    1.2   32.0   0.0     1   461     0     0  0.82
    201   484 15993    43      4    1.3   32.0   0.0     1   484     0     0  0.82
    241   511 15993    47      5    1.5   32.0   0.0     1   510     0     1  0.82
    281   549  9694    52      6    1.6   32.1   0.1     1   547     0     2  0.83
    321   596  9817    57      6    1.8   32.1   0.1     1   593     1     2  0.84
    361   649  9952    60      6    2.1   32.1   0.1     1   646     1     2  0.84
    401   715 11331    77      7    2.3   32.1   0.1     1   711     2     2  0.84
    441   811 13829    83      7    2.7   32.1   0.1     1   805     3     3  0.85
    481   943 15964    94      8    3.1   32.1   0.2     1   935     4     4  0.85
    521  1074 15963   104      9    3.5   32.1   0.2     1  1066     4     4  0.84
    561  1164 15907   111      9    3.8   32.1   0.2     2  1154     5     5  0.84
    601  1316 15697   118     10    4.1   32.1   0.2     2  1302     6     8  0.84
    641  1438 15558   136     10    4.4   32.1   0.2     2  1422     7     9  0.84
    681  1593 15334   144     11    4.7   32.1   0.2     2  1572    10    11  0.84
    721  1722 15168   164     11    4.9   32.1   0.2     2  1692    13    17  0.84
    761  1865 15055   181     12    5.2   32.1   0.3     2  1831    14    20  0.84
    801  1966 15943   197     12    5.3   32.1   0.3     2  1926    14    26  0.84
    841  2026 15924   209     12    5.5   32.1   0.3     2  1982    16    28  0.84
    881  2115 15890   221     12    5.6   32.2   0.3     2  2063    18    34  0.84
    921  2208 15880   237     13    5.8   32.2   0.3     2  2150    21    37  0.84
    961  2308 15860   252     14    5.9   32.2   0.3     2  2242    26    40  0.84
   1001  2407 15615   259     14    6.1   32.2   0.3     2  2337    30    40  0.84
   1041  2516 15582   258     14    6.3   32.2   0.3     2  2436    39    41  0.84
   1081  2616 15833   281     14    6.5   32.2   0.4     2  2528    45    43  0.84
   1121  2705 15918   276     15    6.7   32.2   0.4     2  2611    49    45  0.84
   1161  2774 15858   284     15    6.8   32.3   0.4     2  2664    62    48  0.84
   1200  2846 15754   289     16    7.0   32.3   0.4     2  2720    75    51  0.84

in-distribution toxic intake (final 20%, toxinFraction=0.4): 0.297  (configured bloom probability, not a calibrated chance baseline)

count-integrity: Σspecies.count=2846 creatures=2846 OK ✓

=== A/B FORAGING BENCHMARK (pellets in 500 ticks) ===
  random genomes :  3.7 pellets/trial
  evolved genomes:  6.6 pellets/trial
  improvement   :  1.78× (+2.9)

=== TOXIN INTAKE (descriptive fraction; neutral baseline uncalibrated) ===
  random genomes :  0.400 (neutral baseline uncalibrated)
  evolved genomes:  0.457

wall time: 42.518686542 s for 1200 ticks
